// Jest Snapshot v1, https://goo.gl/fbAQLP

exports[`render linechart view 1`] = `null`;
